// Jest Snapshot v1, https://goo.gl/fbAQLP

exports[`<Products /> should match snapshot 1`] = `
<div>
  <div
    class="MuiContainer-root MuiContainer-maxWidthLg css-rd586k-MuiContainer-root"
  >
    <div
      class="MuiGrid-root MuiGrid-container MuiGrid-spacing-xs-4 css-480o17-MuiGrid-root"
    >
      <h1>
        Loading...
      </h1>
    </div>
  </div>
</div>
`;
